Command line invocation:
    /Applications/Xcode.app/Contents/Developer/usr/bin/xcodebuild -project StudyTimerAndVideo.xcodeproj -scheme StudyTimerAndVideo -destination "platform=iOS Simulator,name=iPhone 16" build

--- xcodebuild: WARNING: Using the first of multiple matching destinations:
{ platform:iOS Simulator, arch:arm64, id:8ACA40B5-C835-46DC-B8AA-AAD814E94A05, OS:18.6, name:iPhone 16 }
{ platform:iOS Simulator, arch:x86_64, id:8ACA40B5-C835-46DC-B8AA-AAD814E94A05, OS:18.6, name:iPhone 16 }
ComputePackagePrebuildTargetDependencyGraph

Prepare packages

CreateBuildRequest

SendProjectDescription

CreateBuildOperation

ComputeTargetDependencyGraph
note: Building targets in dependency order
note: Target dependency graph (1 target)
    Target 'StudyTimerAndVideo' in project 'StudyTimerAndVideo' (no dependencies)

GatherProvisioningInputs

CreateBuildDescription

ExecuteExternalTool /Applications/Xcode.app/Contents/Developer/Toolchains/XcodeDefault.xctoolchain/usr/bin/clang -v -E -dM -isysroot /Applications/Xcode.app/Contents/Developer/Platforms/iPhoneSimulator.platform/Developer/SDKs/iPhoneSimulator18.5.sdk -x c -c /dev/null

ExecuteExternalTool /Applications/Xcode.app/Contents/Developer/usr/bin/actool --print-asset-tag-combinations --output-format xml1 /Users/hw24a094/StudyTimerAndVideo/StudyTimerAndVideo/Assets.xcassets

ExecuteExternalTool /Applications/Xcode.app/Contents/Developer/usr/bin/actool --version --output-format xml1

ExecuteExternalTool /Applications/Xcode.app/Contents/Developer/Toolchains/XcodeDefault.xctoolchain/usr/bin/swiftc --version

ExecuteExternalTool /Applications/Xcode.app/Contents/Developer/Toolchains/XcodeDefault.xctoolchain/usr/bin/ld -version_details

Build description signature: d8735fd07286ba8e1d65cc5b56438c63
Build description path: /Users/hw24a094/Library/Developer/Xcode/DerivedData/StudyTimerAndVideo-cixobwrnyliqshcdywbojyxcjlwu/Build/Intermediates.noindex/XCBuildData/d8735fd07286ba8e1d65cc5b56438c63.xcbuilddata
ClangStatCache /Applications/Xcode.app/Contents/Developer/Toolchains/XcodeDefault.xctoolchain/usr/bin/clang-stat-cache /Applications/Xcode.app/Contents/Developer/Platforms/iPhoneSimulator.platform/Developer/SDKs/iPhoneSimulator18.5.sdk /Users/hw24a094/Library/Developer/Xcode/DerivedData/SDKStatCaches.noindex/iphonesimulator18.5-22F76-d5fc8ad4295d2ef488fb7d0f804ce0c4.sdkstatcache
    cd /Users/hw24a094/StudyTimerAndVideo/StudyTimerAndVideo.xcodeproj
    /Applications/Xcode.app/Contents/Developer/Toolchains/XcodeDefault.xctoolchain/usr/bin/clang-stat-cache /Applications/Xcode.app/Contents/Developer/Platforms/iPhoneSimulator.platform/Developer/SDKs/iPhoneSimulator18.5.sdk -o /Users/hw24a094/Library/Developer/Xcode/DerivedData/SDKStatCaches.noindex/iphonesimulator18.5-22F76-d5fc8ad4295d2ef488fb7d0f804ce0c4.sdkstatcache

WriteAuxiliaryFile /Users/hw24a094/Library/Developer/Xcode/DerivedData/StudyTimerAndVideo-cixobwrnyliqshcdywbojyxcjlwu/Build/Intermediates.noindex/StudyTimerAndVideo.build/Debug-iphonesimulator/StudyTimerAndVideo.build/Objects-normal/arm64/StudyTimerAndVideo.LinkFileList (in target 'StudyTimerAndVideo' from project 'StudyTimerAndVideo')
    cd /Users/hw24a094/StudyTimerAndVideo
    write-file /Users/hw24a094/Library/Developer/Xcode/DerivedData/StudyTimerAndVideo-cixobwrnyliqshcdywbojyxcjlwu/Build/Intermediates.noindex/StudyTimerAndVideo.build/Debug-iphonesimulator/StudyTimerAndVideo.build/Objects-normal/arm64/StudyTimerAndVideo.LinkFileList

WriteAuxiliaryFile /Users/hw24a094/Library/Developer/Xcode/DerivedData/StudyTimerAndVideo-cixobwrnyliqshcdywbojyxcjlwu/Build/Intermediates.noindex/StudyTimerAndVideo.build/Debug-iphonesimulator/StudyTimerAndVideo.build/Objects-normal/arm64/StudyTimerAndVideo.SwiftFileList (in target 'StudyTimerAndVideo' from project 'StudyTimerAndVideo')
    cd /Users/hw24a094/StudyTimerAndVideo
    write-file /Users/hw24a094/Library/Developer/Xcode/DerivedData/StudyTimerAndVideo-cixobwrnyliqshcdywbojyxcjlwu/Build/Intermediates.noindex/StudyTimerAndVideo.build/Debug-iphonesimulator/StudyTimerAndVideo.build/Objects-normal/arm64/StudyTimerAndVideo.SwiftFileList

WriteAuxiliaryFile /Users/hw24a094/Library/Developer/Xcode/DerivedData/StudyTimerAndVideo-cixobwrnyliqshcdywbojyxcjlwu/Build/Intermediates.noindex/StudyTimerAndVideo.build/Debug-iphonesimulator/StudyTimerAndVideo.build/Objects-normal/arm64/StudyTimerAndVideo.SwiftConstValuesFileList (in target 'StudyTimerAndVideo' from project 'StudyTimerAndVideo')
    cd /Users/hw24a094/StudyTimerAndVideo
    write-file /Users/hw24a094/Library/Developer/Xcode/DerivedData/StudyTimerAndVideo-cixobwrnyliqshcdywbojyxcjlwu/Build/Intermediates.noindex/StudyTimerAndVideo.build/Debug-iphonesimulator/StudyTimerAndVideo.build/Objects-normal/arm64/StudyTimerAndVideo.SwiftConstValuesFileList

ProcessInfoPlistFile /Users/hw24a094/Library/Developer/Xcode/DerivedData/StudyTimerAndVideo-cixobwrnyliqshcdywbojyxcjlwu/Build/Products/Debug-iphonesimulator/StudyTimerAndVideo.app/Info.plist /Users/hw24a094/StudyTimerAndVideo/StudyTimerAndVideo/Info.plist (in target 'StudyTimerAndVideo' from project 'StudyTimerAndVideo')
    cd /Users/hw24a094/StudyTimerAndVideo
    builtin-infoPlistUtility /Users/hw24a094/StudyTimerAndVideo/StudyTimerAndVideo/Info.plist -producttype com.apple.product-type.application -genpkginfo /Users/hw24a094/Library/Developer/Xcode/DerivedData/StudyTimerAndVideo-cixobwrnyliqshcdywbojyxcjlwu/Build/Products/Debug-iphonesimulator/StudyTimerAndVideo.app/PkgInfo -expandbuildsettings -format binary -platform iphonesimulator -additionalcontentfile /Users/hw24a094/Library/Developer/Xcode/DerivedData/StudyTimerAndVideo-cixobwrnyliqshcdywbojyxcjlwu/Build/Intermediates.noindex/StudyTimerAndVideo.build/Debug-iphonesimulator/StudyTimerAndVideo.build/assetcatalog_generated_info.plist -o /Users/hw24a094/Library/Developer/Xcode/DerivedData/StudyTimerAndVideo-cixobwrnyliqshcdywbojyxcjlwu/Build/Products/Debug-iphonesimulator/StudyTimerAndVideo.app/Info.plist

SwiftDriver StudyTimerAndVideo normal arm64 com.apple.xcode.tools.swift.compiler (in target 'StudyTimerAndVideo' from project 'StudyTimerAndVideo')
    cd /Users/hw24a094/StudyTimerAndVideo
    builtin-SwiftDriver -- /Applications/Xcode.app/Contents/Developer/Toolchains/XcodeDefault.xctoolchain/usr/bin/swiftc -module-name StudyTimerAndVideo -Onone -enforce-exclusivity\=checked @/Users/hw24a094/Library/Developer/Xcode/DerivedData/StudyTimerAndVideo-cixobwrnyliqshcdywbojyxcjlwu/Build/Intermediates.noindex/StudyTimerAndVideo.build/Debug-iphonesimulator/StudyTimerAndVideo.build/Objects-normal/arm64/StudyTimerAndVideo.SwiftFileList -DDEBUG -enable-bare-slash-regex -enable-experimental-feature DebugDescriptionMacro -sdk /Applications/Xcode.app/Contents/Developer/Platforms/iPhoneSimulator.platform/Developer/SDKs/iPhoneSimulator18.5.sdk -target arm64-apple-ios18.5-simulator -g -module-cache-path /Users/hw24a094/Library/Developer/Xcode/DerivedData/ModuleCache.noindex -Xfrontend -serialize-debugging-options -profile-coverage-mapping -profile-generate -enable-testing -index-store-path /Users/hw24a094/Library/Developer/Xcode/DerivedData/StudyTimerAndVideo-cixobwrnyliqshcdywbojyxcjlwu/Index.noindex/DataStore -swift-version 5 -I /Users/hw24a094/Library/Developer/Xcode/DerivedData/StudyTimerAndVideo-cixobwrnyliqshcdywbojyxcjlwu/Build/Products/Debug-iphonesimulator -F /Users/hw24a094/Library/Developer/Xcode/DerivedData/StudyTimerAndVideo-cixobwrnyliqshcdywbojyxcjlwu/Build/Products/Debug-iphonesimulator -emit-localized-strings -emit-localized-strings-path /Users/hw24a094/Library/Developer/Xcode/DerivedData/StudyTimerAndVideo-cixobwrnyliqshcdywbojyxcjlwu/Build/Intermediates.noindex/StudyTimerAndVideo.build/Debug-iphonesimulator/StudyTimerAndVideo.build/Objects-normal/arm64 -c -j8 -enable-batch-mode -incremental -Xcc -ivfsstatcache -Xcc /Users/hw24a094/Library/Developer/Xcode/DerivedData/SDKStatCaches.noindex/iphonesimulator18.5-22F76-d5fc8ad4295d2ef488fb7d0f804ce0c4.sdkstatcache -output-file-map /Users/hw24a094/Library/Developer/Xcode/DerivedData/StudyTimerAndVideo-cixobwrnyliqshcdywbojyxcjlwu/Build/Intermediates.noindex/StudyTimerAndVideo.build/Debug-iphonesimulator/StudyTimerAndVideo.build/Objects-normal/arm64/StudyTimerAndVideo-OutputFileMap.json -use-frontend-parseable-output -save-temps -no-color-diagnostics -serialize-diagnostics -emit-dependencies -emit-module -emit-module-path /Users/hw24a094/Library/Developer/Xcode/DerivedData/StudyTimerAndVideo-cixobwrnyliqshcdywbojyxcjlwu/Build/Intermediates.noindex/StudyTimerAndVideo.build/Debug-iphonesimulator/StudyTimerAndVideo.build/Objects-normal/arm64/StudyTimerAndVideo.swiftmodule -validate-clang-modules-once -clang-build-session-file /Users/hw24a094/Library/Developer/Xcode/DerivedData/ModuleCache.noindex/Session.modulevalidation -Xcc -I/Users/hw24a094/Library/Developer/Xcode/DerivedData/StudyTimerAndVideo-cixobwrnyliqshcdywbojyxcjlwu/Build/Intermediates.noindex/StudyTimerAndVideo.build/Debug-iphonesimulator/StudyTimerAndVideo.build/swift-overrides.hmap -emit-const-values -Xfrontend -const-gather-protocols-file -Xfrontend /Users/hw24a094/Library/Developer/Xcode/DerivedData/StudyTimerAndVideo-cixobwrnyliqshcdywbojyxcjlwu/Build/Intermediates.noindex/StudyTimerAndVideo.build/Debug-iphonesimulator/StudyTimerAndVideo.build/Objects-normal/arm64/StudyTimerAndVideo_const_extract_protocols.json -Xcc -iquote -Xcc /Users/hw24a094/Library/Developer/Xcode/DerivedData/StudyTimerAndVideo-cixobwrnyliqshcdywbojyxcjlwu/Build/Intermediates.noindex/StudyTimerAndVideo.build/Debug-iphonesimulator/StudyTimerAndVideo.build/StudyTimerAndVideo-generated-files.hmap -Xcc -I/Users/hw24a094/Library/Developer/Xcode/DerivedData/StudyTimerAndVideo-cixobwrnyliqshcdywbojyxcjlwu/Build/Intermediates.noindex/StudyTimerAndVideo.build/Debug-iphonesimulator/StudyTimerAndVideo.build/StudyTimerAndVideo-own-target-headers.hmap -Xcc -I/Users/hw24a094/Library/Developer/Xcode/DerivedData/StudyTimerAndVideo-cixobwrnyliqshcdywbojyxcjlwu/Build/Intermediates.noindex/StudyTimerAndVideo.build/Debug-iphonesimulator/StudyTimerAndVideo.build/StudyTimerAndVideo-all-target-headers.hmap -Xcc -iquote -Xcc /Users/hw24a094/Library/Developer/Xcode/DerivedData/StudyTimerAndVideo-cixobwrnyliqshcdywbojyxcjlwu/Build/Intermediates.noindex/StudyTimerAndVideo.build/Debug-iphonesimulator/StudyTimerAndVideo.build/StudyTimerAndVideo-project-headers.hmap -Xcc -I/Users/hw24a094/Library/Developer/Xcode/DerivedData/StudyTimerAndVideo-cixobwrnyliqshcdywbojyxcjlwu/Build/Products/Debug-iphonesimulator/include -Xcc -I/Users/hw24a094/Library/Developer/Xcode/DerivedData/StudyTimerAndVideo-cixobwrnyliqshcdywbojyxcjlwu/Build/Intermediates.noindex/StudyTimerAndVideo.build/Debug-iphonesimulator/StudyTimerAndVideo.build/DerivedSources-normal/arm64 -Xcc -I/Users/hw24a094/Library/Developer/Xcode/DerivedData/StudyTimerAndVideo-cixobwrnyliqshcdywbojyxcjlwu/Build/Intermediates.noindex/StudyTimerAndVideo.build/Debug-iphonesimulator/StudyTimerAndVideo.build/DerivedSources/arm64 -Xcc -I/Users/hw24a094/Library/Developer/Xcode/DerivedData/StudyTimerAndVideo-cixobwrnyliqshcdywbojyxcjlwu/Build/Intermediates.noindex/StudyTimerAndVideo.build/Debug-iphonesimulator/StudyTimerAndVideo.build/DerivedSources -Xcc -DDEBUG\=1 -emit-objc-header -emit-objc-header-path /Users/hw24a094/Library/Developer/Xcode/DerivedData/StudyTimerAndVideo-cixobwrnyliqshcdywbojyxcjlwu/Build/Intermediates.noindex/StudyTimerAndVideo.build/Debug-iphonesimulator/StudyTimerAndVideo.build/Objects-normal/arm64/StudyTimerAndVideo-Swift.h -working-directory /Users/hw24a094/StudyTimerAndVideo -experimental-emit-module-separately -disable-cmo

SwiftCompile normal arm64 Compiling\ StudyStatsTrendView.swift /Users/hw24a094/StudyTimerAndVideo/StudyTimerAndVideo/Views/StudyStatsTrendView.swift (in target 'StudyTimerAndVideo' from project 'StudyTimerAndVideo')

SwiftCompile normal arm64 /Users/hw24a094/StudyTimerAndVideo/StudyTimerAndVideo/Views/StudyStatsTrendView.swift (in target 'StudyTimerAndVideo' from project 'StudyTimerAndVideo')
    cd /Users/hw24a094/StudyTimerAndVideo
    
/Users/hw24a094/StudyTimerAndVideo/StudyTimerAndVideo/Views/StudyStatsTrendView.swift:40:49: error: cannot find '$selectedPeriod' in scope
                    Picker("期間", selection: $selectedPeriod) {
/Users/hw24a094/StudyTimerAndVideo/StudyTimerAndVideo/Views/StudyStatsTrendView.swift:48:35: error: cannot find 'selectedPeriod' in scope
                    .onChange(of: selectedPeriod) { _ in
                                  ^~~~~~~~~~~~~~
/Users/hw24a094/StudyTimerAndVideo/StudyTimerAndVideo/Views/StudyStatsTrendView.swift:40:21: error: generic parameter 'SelectionValue' could not be inferred
                    Picker("期間", selection: $selectedPeriod) {
/Users/hw24a094/StudyTimerAndVideo/StudyTimerAndVideo/Views/StudyStatsTrendView.swift:40:21: note: explicitly specify the generic arguments to fix this issue
                    Picker("期間", selection: $selectedPeriod) {
/Users/hw24a094/StudyTimerAndVideo/StudyTimerAndVideo/Views/StudyStatsTrendView.swift:86:22: error: cannot find 'selectedPeriod' in scope
        let period = selectedPeriod
                     ^~~~~~~~~~~~~~

Failed frontend command:
/Applications/Xcode.app/Contents/Developer/Toolchains/XcodeDefault.xctoolchain/usr/bin/swift-frontend -frontend -c /Users/hw24a094/StudyTimerAndVideo/StudyTimerAndVideo/Models/StudyLogManager.swift /Users/hw24a094/StudyTimerAndVideo/StudyTimerAndVideo/Views/CameraPreview.swift /Users/hw24a094/StudyTimerAndVideo/StudyTimerAndVideo/Views/StartView.swift /Users/hw24a094/StudyTimerAndVideo/StudyTimerAndVideo/Views/SubjectEditView.swift /Users/hw24a094/StudyTimerAndVideo/StudyTimerAndVideo/ViewModels/TimerViewModel.swift /Users/hw24a094/StudyTimerAndVideo/StudyTimerAndVideo/Utilities/TimeLapseRecorder.swift /Users/hw24a094/StudyTimerAndVideo/StudyTimerAndVideo/Models/Mode.swift /Users/hw24a094/StudyTimerAndVideo/StudyTimerAndVideo/StudyTimerAndVideoApp.swift /Users/hw24a094/StudyTimerAndVideo/StudyTimerAndVideo/Models/StudySession.swift /Users/hw24a094/StudyTimerAndVideo/StudyTimerAndVideo/Models/SubjectManager.swift /Users/hw24a094/StudyTimerAndVideo/StudyTimerAndVideo/Utilities/PermissionManager.swift /Users/hw24a094/StudyTimerAndVideo/StudyTimerAndVideo/ViewModels/StopwatchViewModel.swift /Users/hw24a094/StudyTimerAndVideo/StudyTimerAndVideo/Views/StudyStatsView.swift -primary-file /Users/hw24a094/StudyTimerAndVideo/StudyTimerAndVideo/Views/StudyStatsTrendView.swift /Users/hw24a094/StudyTimerAndVideo/StudyTimerAndVideo/Views/ManualAddView.swift /Users/hw24a094/StudyTimerAndVideo/StudyTimerAndVideo/ContentView.swift /Users/hw24a094/Library/Developer/Xcode/DerivedData/StudyTimerAndVideo-cixobwrnyliqshcdywbojyxcjlwu/Build/Intermediates.noindex/StudyTimerAndVideo.build/Debug-iphonesimulator/StudyTimerAndVideo.build/DerivedSources/GeneratedAssetSymbols.swift -emit-dependencies-path /Users/hw24a094/Library/Developer/Xcode/DerivedData/StudyTimerAndVideo-cixobwrnyliqshcdywbojyxcjlwu/Build/Intermediates.noindex/StudyTimerAndVideo.build/Debug-iphonesimulator/StudyTimerAndVideo.build/Objects-normal/arm64/StudyStatsTrendView.d -emit-const-values-path /Users/hw24a094/Library/Developer/Xcode/DerivedData/StudyTimerAndVideo-cixobwrnyliqshcdywbojyxcjlwu/Build/Intermediates.noindex/StudyTimerAndVideo.build/Debug-iphonesimulator/StudyTimerAndVideo.build/Objects-normal/arm64/StudyStatsTrendView.swiftconstvalues -emit-reference-dependencies-path /Users/hw24a094/Library/Developer/Xcode/DerivedData/StudyTimerAndVideo-cixobwrnyliqshcdywbojyxcjlwu/Build/Intermediates.noindex/StudyTimerAndVideo.build/Debug-iphonesimulator/StudyTimerAndVideo.build/Objects-normal/arm64/StudyStatsTrendView.swiftdeps -serialize-diagnostics-path /Users/hw24a094/Library/Developer/Xcode/DerivedData/StudyTimerAndVideo-cixobwrnyliqshcdywbojyxcjlwu/Build/Intermediates.noindex/StudyTimerAndVideo.build/Debug-iphonesimulator/StudyTimerAndVideo.build/Objects-normal/arm64/StudyStatsTrendView.dia -emit-localized-strings -emit-localized-strings-path /Users/hw24a094/Library/Developer/Xcode/DerivedData/StudyTimerAndVideo-cixobwrnyliqshcdywbojyxcjlwu/Build/Intermediates.noindex/StudyTimerAndVideo.build/Debug-iphonesimulator/StudyTimerAndVideo.build/Objects-normal/arm64 -target arm64-apple-ios18.5-simulator -Xllvm -aarch64-use-tbi -enable-objc-interop -sdk /Applications/Xcode.app/Contents/Developer/Platforms/iPhoneSimulator.platform/Developer/SDKs/iPhoneSimulator18.5.sdk -I /Users/hw24a094/Library/Developer/Xcode/DerivedData/StudyTimerAndVideo-cixobwrnyliqshcdywbojyxcjlwu/Build/Products/Debug-iphonesimulator -F /Users/hw24a094/Library/Developer/Xcode/DerivedData/StudyTimerAndVideo-cixobwrnyliqshcdywbojyxcjlwu/Build/Products/Debug-iphonesimulator -no-color-diagnostics -enable-testing -g -debug-info-format\=dwarf -dwarf-version\=5 -module-cache-path /Users/hw24a094/Library/Developer/Xcode/DerivedData/ModuleCache.noindex -profile-generate -profile-coverage-mapping -swift-version 5 -enforce-exclusivity\=checked -Onone -D DEBUG -serialize-debugging-options -const-gather-protocols-file /Users/hw24a094/Library/Developer/Xcode/DerivedData/StudyTimerAndVideo-cixobwrnyliqshcdywbojyxcjlwu/Build/Intermediates.noindex/StudyTimerAndVideo.build/Debug-iphonesimulator/StudyTimerAndVideo.build/Objects-normal/arm64/StudyTimerAndVideo_const_extract_protocols.json -enable-experimental-feature DebugDescriptionMacro -enable-bare-slash-regex -empty-abi-descriptor -validate-clang-modules-once -clang-build-session-file /Users/hw24a094/Library/Developer/Xcode/DerivedData/ModuleCache.noindex/Session.modulevalidation -Xcc -working-directory -Xcc /Users/hw24a094/StudyTimerAndVideo -resource-dir /Applications/Xcode.app/Contents/Developer/Toolchains/XcodeDefault.xctoolchain/usr/lib/swift -enable-anonymous-context-mangled-names -file-compilation-dir /Users/hw24a094/StudyTimerAndVideo -Xcc -ivfsstatcache -Xcc /Users/hw24a094/Library/Developer/Xcode/DerivedData/SDKStatCaches.noindex/iphonesimulator18.5-22F76-d5fc8ad4295d2ef488fb7d0f804ce0c4.sdkstatcache -Xcc -I/Users/hw24a094/Library/Developer/Xcode/DerivedData/StudyTimerAndVideo-cixobwrnyliqshcdywbojyxcjlwu/Build/Intermediates.noindex/StudyTimerAndVideo.build/Debug-iphonesimulator/StudyTimerAndVideo.build/swift-overrides.hmap -Xcc -iquote -Xcc /Users/hw24a094/Library/Developer/Xcode/DerivedData/StudyTimerAndVideo-cixobwrnyliqshcdywbojyxcjlwu/Build/Intermediates.noindex/StudyTimerAndVideo.build/Debug-iphonesimulator/StudyTimerAndVideo.build/StudyTimerAndVideo-generated-files.hmap -Xcc -I/Users/hw24a094/Library/Developer/Xcode/DerivedData/StudyTimerAndVideo-cixobwrnyliqshcdywbojyxcjlwu/Build/Intermediates.noindex/StudyTimerAndVideo.build/Debug-iphonesimulator/StudyTimerAndVideo.build/StudyTimerAndVideo-own-target-headers.hmap -Xcc -I/Users/hw24a094/Library/Developer/Xcode/DerivedData/StudyTimerAndVideo-cixobwrnyliqshcdywbojyxcjlwu/Build/Intermediates.noindex/StudyTimerAndVideo.build/Debug-iphonesimulator/StudyTimerAndVideo.build/StudyTimerAndVideo-all-target-headers.hmap -Xcc -iquote -Xcc /Users/hw24a094/Library/Developer/Xcode/DerivedData/StudyTimerAndVideo-cixobwrnyliqshcdywbojyxcjlwu/Build/Intermediates.noindex/StudyTimerAndVideo.build/Debug-iphonesimulator/StudyTimerAndVideo.build/StudyTimerAndVideo-project-headers.hmap -Xcc -I/Users/hw24a094/Library/Developer/Xcode/DerivedData/StudyTimerAndVideo-cixobwrnyliqshcdywbojyxcjlwu/Build/Products/Debug-iphonesimulator/include -Xcc -I/Users/hw24a094/Library/Developer/Xcode/DerivedData/StudyTimerAndVideo-cixobwrnyliqshcdywbojyxcjlwu/Build/Intermediates.noindex/StudyTimerAndVideo.build/Debug-iphonesimulator/StudyTimerAndVideo.build/DerivedSources-normal/arm64 -Xcc -I/Users/hw24a094/Library/Developer/Xcode/DerivedData/StudyTimerAndVideo-cixobwrnyliqshcdywbojyxcjlwu/Build/Intermediates.noindex/StudyTimerAndVideo.build/Debug-iphonesimulator/StudyTimerAndVideo.build/DerivedSources/arm64 -Xcc -I/Users/hw24a094/Library/Developer/Xcode/DerivedData/StudyTimerAndVideo-cixobwrnyliqshcdywbojyxcjlwu/Build/Intermediates.noindex/StudyTimerAndVideo.build/Debug-iphonesimulator/StudyTimerAndVideo.build/DerivedSources -Xcc -DDEBUG\=1 -module-name StudyTimerAndVideo -frontend-parseable-output -disable-clang-spi -target-sdk-version 18.5 -target-sdk-name iphonesimulator18.5 -external-plugin-path /Applications/Xcode.app/Contents/Developer/Platforms/iPhoneOS.platform/Developer/usr/lib/swift/host/plugins\#/Applications/Xcode.app/Contents/Developer/Platforms/iPhoneOS.platform/Developer/usr/bin/swift-plugin-server -external-plugin-path /Applications/Xcode.app/Contents/Developer/Platforms/iPhoneOS.platform/Developer/usr/local/lib/swift/host/plugins\#/Applications/Xcode.app/Contents/Developer/Platforms/iPhoneOS.platform/Developer/usr/bin/swift-plugin-server -in-process-plugin-server-path /Applications/Xcode.app/Contents/Developer/Toolchains/XcodeDefault.xctoolchain/usr/lib/swift/host/libSwiftInProcPluginServer.dylib -plugin-path /Applications/Xcode.app/Contents/Developer/Toolchains/XcodeDefault.xctoolchain/usr/lib/swift/host/plugins -plugin-path /Applications/Xcode.app/Contents/Developer/Toolchains/XcodeDefault.xctoolchain/usr/local/lib/swift/host/plugins -o /Users/hw24a094/Library/Developer/Xcode/DerivedData/StudyTimerAndVideo-cixobwrnyliqshcdywbojyxcjlwu/Build/Intermediates.noindex/StudyTimerAndVideo.build/Debug-iphonesimulator/StudyTimerAndVideo.build/Objects-normal/arm64/StudyStatsTrendView.o -index-unit-output-path /StudyTimerAndVideo.build/Debug-iphonesimulator/StudyTimerAndVideo.build/Objects-normal/arm64/StudyStatsTrendView.o -index-store-path /Users/hw24a094/Library/Developer/Xcode/DerivedData/StudyTimerAndVideo-cixobwrnyliqshcdywbojyxcjlwu/Index.noindex/DataStore -index-system-modules
SwiftEmitModule normal arm64 Emitting\ module\ for\ StudyTimerAndVideo (in target 'StudyTimerAndVideo' from project 'StudyTimerAndVideo')

EmitSwiftModule normal arm64 (in target 'StudyTimerAndVideo' from project 'StudyTimerAndVideo')
    cd /Users/hw24a094/StudyTimerAndVideo
    

SwiftDriverJobDiscovery normal arm64 Emitting module for StudyTimerAndVideo (in target 'StudyTimerAndVideo' from project 'StudyTimerAndVideo')

SwiftDriver\ Compilation\ Requirements StudyTimerAndVideo normal arm64 com.apple.xcode.tools.swift.compiler (in target 'StudyTimerAndVideo' from project 'StudyTimerAndVideo')
    cd /Users/hw24a094/StudyTimerAndVideo
    builtin-Swift-Compilation-Requirements -- /Applications/Xcode.app/Contents/Developer/Toolchains/XcodeDefault.xctoolchain/usr/bin/swiftc -module-name StudyTimerAndVideo -Onone -enforce-exclusivity\=checked @/Users/hw24a094/Library/Developer/Xcode/DerivedData/StudyTimerAndVideo-cixobwrnyliqshcdywbojyxcjlwu/Build/Intermediates.noindex/StudyTimerAndVideo.build/Debug-iphonesimulator/StudyTimerAndVideo.build/Objects-normal/arm64/StudyTimerAndVideo.SwiftFileList -DDEBUG -enable-bare-slash-regex -enable-experimental-feature DebugDescriptionMacro -sdk /Applications/Xcode.app/Contents/Developer/Platforms/iPhoneSimulator.platform/Developer/SDKs/iPhoneSimulator18.5.sdk -target arm64-apple-ios18.5-simulator -g -module-cache-path /Users/hw24a094/Library/Developer/Xcode/DerivedData/ModuleCache.noindex -Xfrontend -serialize-debugging-options -profile-coverage-mapping -profile-generate -enable-testing -index-store-path /Users/hw24a094/Library/Developer/Xcode/DerivedData/StudyTimerAndVideo-cixobwrnyliqshcdywbojyxcjlwu/Index.noindex/DataStore -swift-version 5 -I /Users/hw24a094/Library/Developer/Xcode/DerivedData/StudyTimerAndVideo-cixobwrnyliqshcdywbojyxcjlwu/Build/Products/Debug-iphonesimulator -F /Users/hw24a094/Library/Developer/Xcode/DerivedData/StudyTimerAndVideo-cixobwrnyliqshcdywbojyxcjlwu/Build/Products/Debug-iphonesimulator -emit-localized-strings -emit-localized-strings-path /Users/hw24a094/Library/Developer/Xcode/DerivedData/StudyTimerAndVideo-cixobwrnyliqshcdywbojyxcjlwu/Build/Intermediates.noindex/StudyTimerAndVideo.build/Debug-iphonesimulator/StudyTimerAndVideo.build/Objects-normal/arm64 -c -j8 -enable-batch-mode -incremental -Xcc -ivfsstatcache -Xcc /Users/hw24a094/Library/Developer/Xcode/DerivedData/SDKStatCaches.noindex/iphonesimulator18.5-22F76-d5fc8ad4295d2ef488fb7d0f804ce0c4.sdkstatcache -output-file-map /Users/hw24a094/Library/Developer/Xcode/DerivedData/StudyTimerAndVideo-cixobwrnyliqshcdywbojyxcjlwu/Build/Intermediates.noindex/StudyTimerAndVideo.build/Debug-iphonesimulator/StudyTimerAndVideo.build/Objects-normal/arm64/StudyTimerAndVideo-OutputFileMap.json -use-frontend-parseable-output -save-temps -no-color-diagnostics -serialize-diagnostics -emit-dependencies -emit-module -emit-module-path /Users/hw24a094/Library/Developer/Xcode/DerivedData/StudyTimerAndVideo-cixobwrnyliqshcdywbojyxcjlwu/Build/Intermediates.noindex/StudyTimerAndVideo.build/Debug-iphonesimulator/StudyTimerAndVideo.build/Objects-normal/arm64/StudyTimerAndVideo.swiftmodule -validate-clang-modules-once -clang-build-session-file /Users/hw24a094/Library/Developer/Xcode/DerivedData/ModuleCache.noindex/Session.modulevalidation -Xcc -I/Users/hw24a094/Library/Developer/Xcode/DerivedData/StudyTimerAndVideo-cixobwrnyliqshcdywbojyxcjlwu/Build/Intermediates.noindex/StudyTimerAndVideo.build/Debug-iphonesimulator/StudyTimerAndVideo.build/swift-overrides.hmap -emit-const-values -Xfrontend -const-gather-protocols-file -Xfrontend /Users/hw24a094/Library/Developer/Xcode/DerivedData/StudyTimerAndVideo-cixobwrnyliqshcdywbojyxcjlwu/Build/Intermediates.noindex/StudyTimerAndVideo.build/Debug-iphonesimulator/StudyTimerAndVideo.build/Objects-normal/arm64/StudyTimerAndVideo_const_extract_protocols.json -Xcc -iquote -Xcc /Users/hw24a094/Library/Developer/Xcode/DerivedData/StudyTimerAndVideo-cixobwrnyliqshcdywbojyxcjlwu/Build/Intermediates.noindex/StudyTimerAndVideo.build/Debug-iphonesimulator/StudyTimerAndVideo.build/StudyTimerAndVideo-generated-files.hmap -Xcc -I/Users/hw24a094/Library/Developer/Xcode/DerivedData/StudyTimerAndVideo-cixobwrnyliqshcdywbojyxcjlwu/Build/Intermediates.noindex/StudyTimerAndVideo.build/Debug-iphonesimulator/StudyTimerAndVideo.build/StudyTimerAndVideo-own-target-headers.hmap -Xcc -I/Users/hw24a094/Library/Developer/Xcode/DerivedData/StudyTimerAndVideo-cixobwrnyliqshcdywbojyxcjlwu/Build/Intermediates.noindex/StudyTimerAndVideo.build/Debug-iphonesimulator/StudyTimerAndVideo.build/StudyTimerAndVideo-all-target-headers.hmap -Xcc -iquote -Xcc /Users/hw24a094/Library/Developer/Xcode/DerivedData/StudyTimerAndVideo-cixobwrnyliqshcdywbojyxcjlwu/Build/Intermediates.noindex/StudyTimerAndVideo.build/Debug-iphonesimulator/StudyTimerAndVideo.build/StudyTimerAndVideo-project-headers.hmap -Xcc -I/Users/hw24a094/Library/Developer/Xcode/DerivedData/StudyTimerAndVideo-cixobwrnyliqshcdywbojyxcjlwu/Build/Products/Debug-iphonesimulator/include -Xcc -I/Users/hw24a094/Library/Developer/Xcode/DerivedData/StudyTimerAndVideo-cixobwrnyliqshcdywbojyxcjlwu/Build/Intermediates.noindex/StudyTimerAndVideo.build/Debug-iphonesimulator/StudyTimerAndVideo.build/DerivedSources-normal/arm64 -Xcc -I/Users/hw24a094/Library/Developer/Xcode/DerivedData/StudyTimerAndVideo-cixobwrnyliqshcdywbojyxcjlwu/Build/Intermediates.noindex/StudyTimerAndVideo.build/Debug-iphonesimulator/StudyTimerAndVideo.build/DerivedSources/arm64 -Xcc -I/Users/hw24a094/Library/Developer/Xcode/DerivedData/StudyTimerAndVideo-cixobwrnyliqshcdywbojyxcjlwu/Build/Intermediates.noindex/StudyTimerAndVideo.build/Debug-iphonesimulator/StudyTimerAndVideo.build/DerivedSources -Xcc -DDEBUG\=1 -emit-objc-header -emit-objc-header-path /Users/hw24a094/Library/Developer/Xcode/DerivedData/StudyTimerAndVideo-cixobwrnyliqshcdywbojyxcjlwu/Build/Intermediates.noindex/StudyTimerAndVideo.build/Debug-iphonesimulator/StudyTimerAndVideo.build/Objects-normal/arm64/StudyTimerAndVideo-Swift.h -working-directory /Users/hw24a094/StudyTimerAndVideo -experimental-emit-module-separately -disable-cmo

Copy /Users/hw24a094/Library/Developer/Xcode/DerivedData/StudyTimerAndVideo-cixobwrnyliqshcdywbojyxcjlwu/Build/Products/Debug-iphonesimulator/StudyTimerAndVideo.swiftmodule/Project/arm64-apple-ios-simulator.swiftsourceinfo /Users/hw24a094/Library/Developer/Xcode/DerivedData/StudyTimerAndVideo-cixobwrnyliqshcdywbojyxcjlwu/Build/Intermediates.noindex/StudyTimerAndVideo.build/Debug-iphonesimulator/StudyTimerAndVideo.build/Objects-normal/arm64/StudyTimerAndVideo.swiftsourceinfo (in target 'StudyTimerAndVideo' from project 'StudyTimerAndVideo')
    cd /Users/hw24a094/StudyTimerAndVideo
    builtin-copy -exclude .DS_Store -exclude CVS -exclude .svn -exclude .git -exclude .hg -resolve-src-symlinks -rename /Users/hw24a094/Library/Developer/Xcode/DerivedData/StudyTimerAndVideo-cixobwrnyliqshcdywbojyxcjlwu/Build/Intermediates.noindex/StudyTimerAndVideo.build/Debug-iphonesimulator/StudyTimerAndVideo.build/Objects-normal/arm64/StudyTimerAndVideo.swiftsourceinfo /Users/hw24a094/Library/Developer/Xcode/DerivedData/StudyTimerAndVideo-cixobwrnyliqshcdywbojyxcjlwu/Build/Products/Debug-iphonesimulator/StudyTimerAndVideo.swiftmodule/Project/arm64-apple-ios-simulator.swiftsourceinfo

Copy /Users/hw24a094/Library/Developer/Xcode/DerivedData/StudyTimerAndVideo-cixobwrnyliqshcdywbojyxcjlwu/Build/Products/Debug-iphonesimulator/StudyTimerAndVideo.swiftmodule/arm64-apple-ios-simulator.abi.json /Users/hw24a094/Library/Developer/Xcode/DerivedData/StudyTimerAndVideo-cixobwrnyliqshcdywbojyxcjlwu/Build/Intermediates.noindex/StudyTimerAndVideo.build/Debug-iphonesimulator/StudyTimerAndVideo.build/Objects-normal/arm64/StudyTimerAndVideo.abi.json (in target 'StudyTimerAndVideo' from project 'StudyTimerAndVideo')
    cd /Users/hw24a094/StudyTimerAndVideo
    builtin-copy -exclude .DS_Store -exclude CVS -exclude .svn -exclude .git -exclude .hg -resolve-src-symlinks -rename /Users/hw24a094/Library/Developer/Xcode/DerivedData/StudyTimerAndVideo-cixobwrnyliqshcdywbojyxcjlwu/Build/Intermediates.noindex/StudyTimerAndVideo.build/Debug-iphonesimulator/StudyTimerAndVideo.build/Objects-normal/arm64/StudyTimerAndVideo.abi.json /Users/hw24a094/Library/Developer/Xcode/DerivedData/StudyTimerAndVideo-cixobwrnyliqshcdywbojyxcjlwu/Build/Products/Debug-iphonesimulator/StudyTimerAndVideo.swiftmodule/arm64-apple-ios-simulator.abi.json

Copy /Users/hw24a094/Library/Developer/Xcode/DerivedData/StudyTimerAndVideo-cixobwrnyliqshcdywbojyxcjlwu/Build/Products/Debug-iphonesimulator/StudyTimerAndVideo.swiftmodule/arm64-apple-ios-simulator.swiftmodule /Users/hw24a094/Library/Developer/Xcode/DerivedData/StudyTimerAndVideo-cixobwrnyliqshcdywbojyxcjlwu/Build/Intermediates.noindex/StudyTimerAndVideo.build/Debug-iphonesimulator/StudyTimerAndVideo.build/Objects-normal/arm64/StudyTimerAndVideo.swiftmodule (in target 'StudyTimerAndVideo' from project 'StudyTimerAndVideo')
    cd /Users/hw24a094/StudyTimerAndVideo
    builtin-copy -exclude .DS_Store -exclude CVS -exclude .svn -exclude .git -exclude .hg -resolve-src-symlinks -rename /Users/hw24a094/Library/Developer/Xcode/DerivedData/StudyTimerAndVideo-cixobwrnyliqshcdywbojyxcjlwu/Build/Intermediates.noindex/StudyTimerAndVideo.build/Debug-iphonesimulator/StudyTimerAndVideo.build/Objects-normal/arm64/StudyTimerAndVideo.swiftmodule /Users/hw24a094/Library/Developer/Xcode/DerivedData/StudyTimerAndVideo-cixobwrnyliqshcdywbojyxcjlwu/Build/Products/Debug-iphonesimulator/StudyTimerAndVideo.swiftmodule/arm64-apple-ios-simulator.swiftmodule

** BUILD FAILED **


The following build commands failed:
	SwiftCompile normal arm64 /Users/hw24a094/StudyTimerAndVideo/StudyTimerAndVideo/Views/StudyStatsTrendView.swift (in target 'StudyTimerAndVideo' from project 'StudyTimerAndVideo')
	SwiftCompile normal arm64 Compiling\ StudyStatsTrendView.swift /Users/hw24a094/StudyTimerAndVideo/StudyTimerAndVideo/Views/StudyStatsTrendView.swift (in target 'StudyTimerAndVideo' from project 'StudyTimerAndVideo')
	Building project StudyTimerAndVideo with scheme StudyTimerAndVideo
(3 failures)
